continue on validation on BaleraBerbelMitne